2025-08-13 13:24:51,515 - Knowledge - INFO - Redis support added with prefix knowledge:b6712a1:
2025-08-13 13:24:51,751 - Knowledge - INFO - load persisted knowledge: begin
2025-08-13 13:24:51,867 - Knowledge - INFO - load persisted knowledge: end
2025-08-13 13:24:51,961 - Knowledge - INFO - load persisted docinfo: begin
2025-08-13 13:24:52,086 - Knowledge - INFO - load persisted docinfo: end
2025-08-13 13:24:52,173 - Knowledge - INFO - worker kw1 created with dedicated MongoDB connection (total: 1)
2025-08-13 13:24:52,289 - Knowledge - INFO - knowledge worker kw1 start
2025-08-13 13:24:52,291 - Knowledge - INFO - worker kw2 created with dedicated MongoDB connection (total: 2)
2025-08-13 13:24:52,378 - Knowledge - INFO - worker kw1 pull /app/data/T0015/122459/b6712a1/calculator-122459/src/logic/isNumber.js from ingest queue
2025-08-13 13:24:52,492 - Knowledge - INFO - knowledge worker kw2 start
2025-08-13 13:24:52,494 - Knowledge - INFO - worker kw3 created with dedicated MongoDB connection (total: 3)
2025-08-13 13:24:52,641 - Knowledge - INFO - process ingested knowledge for /app/data/T0015/122459/b6712a1/calculator-122459/src/logic/isNumber.js
2025-08-13 13:24:52,709 - Knowledge - INFO - worker kw2 pull /app/data/T0015/122459/b6712a1/calculator-122459/src/logic/calculate.js from ingest queue
2025-08-13 13:24:52,818 - Knowledge - INFO - knowledge worker kw3 start
2025-08-13 13:24:52,820 - Knowledge - INFO - worker kw4 created with dedicated MongoDB connection (total: 4)
2025-08-13 13:24:52,916 - Knowledge - INFO - Found code-base-name: https://github.com/kavia-common/calculator-122459.git:kavia-master
2025-08-13 13:24:53,026 - Knowledge - INFO - process ingested knowledge for /app/data/T0015/122459/b6712a1/calculator-122459/src/logic/calculate.js
2025-08-13 13:24:53,096 - Knowledge - INFO - worker kw3 pull /app/data/T0015/122459/b6712a1/calculator-122459/src/logic/operate.js from ingest queue
2025-08-13 13:24:53,216 - Knowledge - INFO - knowledge worker kw4 start
2025-08-13 13:24:53,219 - Knowledge - INFO - worker kw5 created with dedicated MongoDB connection (total: 5)
2025-08-13 13:24:53,308 - Knowledge - INFO - Found code_base: <app.utils.kg_build.knowledge.KnowledgeCodeBase object at 0x7f8d8c4b4390>
2025-08-13 13:24:53,387 - Knowledge - INFO - Found code-base-name: https://github.com/kavia-common/calculator-122459.git:kavia-master
2025-08-13 13:24:53,497 - Knowledge - INFO - process ingested knowledge for /app/data/T0015/122459/b6712a1/calculator-122459/src/logic/operate.js
2025-08-13 13:24:53,541 - Knowledge - INFO - worker kw4 pull /app/data/T0015/122459/b6712a1/calculator-122459/src/logic/calculate.test.js from ingest queue
2025-08-13 13:24:53,614 - Knowledge - INFO - knowledge worker kw5 start
2025-08-13 13:24:53,625 - Knowledge - INFO - worker kw6 created with dedicated MongoDB connection (total: 6)
2025-08-13 13:24:53,701 - Knowledge - INFO - persist ingested knowledge for /app/data/T0015/122459/b6712a1/calculator-122459/src/logic/isNumber.js
2025-08-13 13:24:53,780 - Knowledge - INFO - Found code_base: <app.utils.kg_build.knowledge.KnowledgeCodeBase object at 0x7f8d8c4b4390>
2025-08-13 13:24:53,851 - Knowledge - INFO - Found code-base-name: https://github.com/kavia-common/calculator-122459.git:kavia-master
2025-08-13 13:24:54,307 - Knowledge - INFO - Found code_base: <app.utils.kg_build.knowledge.KnowledgeCodeBase object at 0x7f8d8c4b4390>
2025-08-13 13:24:53,986 - Knowledge - INFO - worker kw5 pull /app/data/T0015/122459/b6712a1/calculator-122459/src/component/App.css from ingest queue
2025-08-13 13:24:54,076 - Knowledge - INFO - knowledge worker kw6 start
2025-08-13 13:24:54,078 - Knowledge - INFO - worker kw7 created with dedicated MongoDB connection (total: 7)
2025-08-13 13:24:54,202 - Knowledge - INFO - adding /app/data/T0015/122459/b6712a1/calculator-122459/src/logic/isNumber.js to ingest queue
2025-08-13 13:24:54,233 - Knowledge - INFO - persist ingested knowledge for /app/data/T0015/122459/b6712a1/calculator-122459/src/logic/calculate.js
2025-08-13 13:24:53,942 - Knowledge - INFO - process ingested knowledge for /app/data/T0015/122459/b6712a1/calculator-122459/src/logic/calculate.test.js
2025-08-13 13:24:54,390 - Knowledge - INFO - persist ingested knowledge for /app/data/T0015/122459/b6712a1/calculator-122459/src/logic/operate.js
2025-08-13 13:24:54,495 - Knowledge - INFO - process ingested knowledge for /app/data/T0015/122459/b6712a1/calculator-122459/src/component/App.css
2025-08-13 13:24:54,699 - Knowledge - INFO - knowledge worker kw7 start
2025-08-13 13:24:54,701 - Knowledge - INFO - worker kw8 created with dedicated MongoDB connection (total: 8)
2025-08-13 13:24:54,778 - Knowledge - INFO - worker kw6 pull /app/data/T0015/122459/b6712a1/calculator-122459/src/component/App.js from ingest queue
2025-08-13 13:24:54,779 - Knowledge - INFO - worker kw1 pull /app/data/T0015/122459/b6712a1/calculator-122459/src/component/App.test.js from ingest queue
2025-08-13 13:24:54,970 - Knowledge - INFO - adding /app/data/T0015/122459/b6712a1/calculator-122459/src/logic/calculate.js to ingest queue
2025-08-13 13:24:55,349 - Knowledge - INFO - knowledge worker kw8 start
2025-08-13 13:24:55,352 - Knowledge - INFO - worker kw9 created with dedicated MongoDB connection (total: 9)
2025-08-13 13:24:55,470 - Knowledge - INFO - process ingested knowledge for /app/data/T0015/122459/b6712a1/calculator-122459/src/component/App.js
2025-08-13 13:24:55,557 - Knowledge - INFO - process ingested knowledge for /app/data/T0015/122459/b6712a1/calculator-122459/src/component/App.test.js
2025-08-13 13:24:55,603 - Knowledge - INFO - Found code-base-name: https://github.com/kavia-common/calculator-122459.git:kavia-master
2025-08-13 13:24:55,672 - Knowledge - INFO - Found code-base-name: https://github.com/kavia-common/calculator-122459.git:kavia-master
2025-08-13 13:24:55,673 - Knowledge - INFO - worker kw7 pull /app/data/T0015/122459/b6712a1/calculator-122459/src/component/Display.js from ingest queue
2025-08-13 13:24:55,673 - Knowledge - INFO - worker kw2 pull /app/data/T0015/122459/b6712a1/calculator-122459/src/component/Display.css from ingest queue
2025-08-13 13:24:55,673 - Knowledge - INFO - adding /app/data/T0015/122459/b6712a1/calculator-122459/src/logic/operate.js to ingest queue
2025-08-13 13:24:55,792 - Knowledge - INFO - knowledge worker kw9 start
2025-08-13 13:24:55,795 - Knowledge - INFO - worker kw10 created with dedicated MongoDB connection (total: 10)
2025-08-13 13:24:56,042 - Knowledge - INFO - Found code_base: <app.utils.kg_build.knowledge.KnowledgeCodeBase object at 0x7f8d8c4b4390>
2025-08-13 13:24:56,136 - Knowledge - INFO - Found code_base: <app.utils.kg_build.knowledge.KnowledgeCodeBase object at 0x7f8d8c4b4390>
2025-08-13 13:24:56,273 - Knowledge - INFO - process ingested knowledge for /app/data/T0015/122459/b6712a1/calculator-122459/src/component/Display.js
2025-08-13 13:24:56,373 - Knowledge - INFO - process ingested knowledge for /app/data/T0015/122459/b6712a1/calculator-122459/src/component/Display.css
2025-08-13 13:24:56,412 - Knowledge - INFO - worker kw8 pull /app/data/T0015/122459/b6712a1/calculator-122459/src/component/ButtonPanel.css from ingest queue
2025-08-13 13:24:56,414 - Knowledge - INFO - Found code-base-name: https://github.com/kavia-common/calculator-122459.git:kavia-master
2025-08-13 13:24:56,414 - Knowledge - INFO - Found code-base-name: https://github.com/kavia-common/calculator-122459.git:kavia-master
2025-08-13 13:24:56,415 - Knowledge - INFO - worker kw3 pull /app/data/T0015/122459/b6712a1/calculator-122459/src/component/Button.css from ingest queue
2025-08-13 13:24:56,539 - Knowledge - INFO - worker kw9 pull /app/data/T0015/122459/b6712a1/calculator-122459/src/component/ButtonPanel.js from ingest queue
2025-08-13 13:24:56,630 - Knowledge - INFO - knowledge worker kw10 start
2025-08-13 13:24:56,633 - Knowledge - INFO - worker kw11 created with dedicated MongoDB connection (total: 11)
2025-08-13 13:24:56,708 - Knowledge - INFO - persist ingested knowledge for /app/data/T0015/122459/b6712a1/calculator-122459/src/logic/calculate.test.js
2025-08-13 13:24:56,791 - Knowledge - INFO - persist ingested knowledge for /app/data/T0015/122459/b6712a1/calculator-122459/src/component/App.css
2025-08-13 13:24:56,885 - Knowledge - INFO - Found code-base-name: https://github.com/kavia-common/calculator-122459.git:kavia-master
2025-08-13 13:24:57,007 - Knowledge - INFO - Found code-base-name: https://github.com/kavia-common/calculator-122459.git:kavia-master
2025-08-13 13:24:57,116 - Knowledge - INFO - process ingested knowledge for /app/data/T0015/122459/b6712a1/calculator-122459/src/component/ButtonPanel.css
2025-08-13 13:24:57,175 - Knowledge - INFO - Found code_base: <app.utils.kg_build.knowledge.KnowledgeCodeBase object at 0x7f8d8c4b4390>
2025-08-13 13:24:57,268 - Knowledge - INFO - Found code_base: <app.utils.kg_build.knowledge.KnowledgeCodeBase object at 0x7f8d8c4b4390>
2025-08-13 13:24:58,257 - Knowledge - INFO - persist ingested knowledge for /app/data/T0015/122459/b6712a1/calculator-122459/src/component/App.test.js
2025-08-13 13:24:57,467 - Knowledge - INFO - process ingested knowledge for /app/data/T0015/122459/b6712a1/calculator-122459/src/component/ButtonPanel.js
2025-08-13 13:24:57,509 - Knowledge - INFO - worker kw10 pull /app/data/T0015/122459/b6712a1/calculator-122459/src/component/Button.js from ingest queue
2025-08-13 13:24:57,601 - Knowledge - INFO - knowledge worker kw11 start
2025-08-13 13:24:57,603 - Knowledge - INFO - worker kw12 created with dedicated MongoDB connection (total: 12)
2025-08-13 13:24:57,740 - Knowledge - INFO - adding /app/data/T0015/122459/b6712a1/calculator-122459/src/logic/calculate.test.js to ingest queue
2025-08-13 13:24:57,885 - Knowledge - INFO - Found code_base: <app.utils.kg_build.knowledge.KnowledgeCodeBase object at 0x7f8d8c4b4390>
2025-08-13 13:24:58,945 - Knowledge - INFO - persist ingested knowledge for /app/data/T0015/122459/b6712a1/calculator-122459/src/component/Display.js
2025-08-13 13:24:58,162 - Knowledge - INFO - persist ingested knowledge for /app/data/T0015/122459/b6712a1/calculator-122459/src/component/App.js
2025-08-13 13:24:57,363 - Knowledge - INFO - process ingested knowledge for /app/data/T0015/122459/b6712a1/calculator-122459/src/component/Button.css
2025-08-13 13:24:58,626 - Knowledge - INFO - process ingested knowledge for /app/data/T0015/122459/b6712a1/calculator-122459/src/component/Button.js
2025-08-13 13:24:58,771 - Knowledge - INFO - knowledge worker kw12 start
2025-08-13 13:24:58,774 - Knowledge - INFO - worker kw13 created with dedicated MongoDB connection (total: 13)
2025-08-13 13:24:58,898 - Knowledge - INFO - Found code-base-name: https://github.com/kavia-common/calculator-122459.git:kavia-master
2025-08-13 13:24:57,983 - Knowledge - INFO - Found code_base: <app.utils.kg_build.knowledge.KnowledgeCodeBase object at 0x7f8d8c4b4390>
2025-08-13 13:24:58,947 - Knowledge - INFO - Found code-base-name: https://github.com/kavia-common/calculator-122459.git:kavia-master
2025-08-13 13:24:58,947 - Knowledge - INFO - worker kw11 pull /app/data/T0015/122459/b6712a1/calculator-122459/src/index.js from ingest queue
2025-08-13 13:24:58,947 - Knowledge - INFO - worker kw4 pull /app/data/T0015/122459/b6712a1/calculator-122459/src/index.css from ingest queue
2025-08-13 13:24:58,947 - Knowledge - INFO - adding /app/data/T0015/122459/b6712a1/calculator-122459/src/component/App.css to ingest queue
2025-08-13 13:25:00,030 - Knowledge - INFO - worker kw5 pull /app/data/T0015/122459/b6712a1/calculator-122459/package.json from ingest queue
2025-08-13 13:24:59,479 - Knowledge - INFO - worker kw14 created with dedicated MongoDB connection (total: 14)
2025-08-13 13:24:59,593 - Knowledge - INFO - Found code_base: <app.utils.kg_build.knowledge.KnowledgeCodeBase object at 0x7f8d8c4b4390>
2025-08-13 13:24:59,675 - Knowledge - INFO - persist ingested knowledge for /app/data/T0015/122459/b6712a1/calculator-122459/src/component/Display.css
2025-08-13 13:24:59,755 - Knowledge - INFO - Found code_base: <app.utils.kg_build.knowledge.KnowledgeCodeBase object at 0x7f8d8c4b4390>
2025-08-13 13:24:59,864 - Knowledge - INFO - process ingested knowledge for /app/data/T0015/122459/b6712a1/calculator-122459/src/index.js
2025-08-13 13:24:59,951 - Knowledge - INFO - process ingested knowledge for /app/data/T0015/122459/b6712a1/calculator-122459/src/index.css
2025-08-13 13:24:59,477 - Knowledge - INFO - knowledge worker kw13 start
2025-08-13 13:25:00,091 - Knowledge - INFO - Found code-base-name: https://github.com/kavia-common/calculator-122459.git:kavia-master
2025-08-13 13:25:00,091 - Knowledge - INFO - Found code-base-name: https://github.com/kavia-common/calculator-122459.git:kavia-master
2025-08-13 13:25:00,091 - Knowledge - INFO - worker kw12 pull /app/data/T0015/122459/b6712a1/calculator-122459/README.md from ingest queue
2025-08-13 13:25:00,091 - Knowledge - INFO - adding /app/data/T0015/122459/b6712a1/calculator-122459/src/component/App.test.js to ingest queue
2025-08-13 13:25:00,140 - Knowledge - INFO - process ingested knowledge for /app/data/T0015/122459/b6712a1/calculator-122459/package.json
2025-08-13 13:25:00,218 - Knowledge - INFO - knowledge worker kw14 start
2025-08-13 13:25:00,221 - Knowledge - INFO - worker kw15 created with dedicated MongoDB connection (total: 15)
2025-08-13 13:25:00,322 - Knowledge - INFO - persist ingested knowledge for /app/data/T0015/122459/b6712a1/calculator-122459/src/component/ButtonPanel.css
2025-08-13 13:25:00,521 - Knowledge - INFO - persist ingested knowledge for /app/data/T0015/122459/b6712a1/calculator-122459/src/component/ButtonPanel.js
2025-08-13 13:25:00,901 - Knowledge - INFO - Found code_base: <app.utils.kg_build.knowledge.KnowledgeCodeBase object at 0x7f8d8c4b4390>
2025-08-13 13:25:01,730 - Knowledge - INFO - persist ingested knowledge for /app/data/T0015/122459/b6712a1/calculator-122459/src/component/Button.css
2025-08-13 13:25:01,089 - Knowledge - INFO - process ingested knowledge for /app/data/T0015/122459/b6712a1/calculator-122459/README.md
2025-08-13 13:25:01,202 - Knowledge - INFO - adding /app/data/T0015/122459/b6712a1/calculator-122459/src/component/App.js to ingest queue
2025-08-13 13:25:01,423 - Knowledge - INFO - knowledge worker kw15 start
2025-08-13 13:25:01,425 - Knowledge - INFO - worker kw16 created with dedicated MongoDB connection (total: 16)
2025-08-13 13:25:00,975 - Knowledge - INFO - Found code_base: <app.utils.kg_build.knowledge.KnowledgeCodeBase object at 0x7f8d8c4b4390>
2025-08-13 13:25:02,128 - Knowledge - INFO - Found code-base-name: https://github.com/kavia-common/calculator-122459.git:kavia-master
2025-08-13 13:25:02,128 - Knowledge - INFO - Found code-base-name: https://github.com/kavia-common/calculator-122459.git:kavia-master
2025-08-13 13:25:02,429 - Knowledge - INFO - Found code_base: <app.utils.kg_build.knowledge.KnowledgeCodeBase object at 0x7f8d8c4b4390>
2025-08-13 13:25:02,514 - Knowledge - INFO - persist ingested knowledge for /app/data/T0015/122459/b6712a1/calculator-122459/src/index.css
2025-08-13 13:25:02,134 - Knowledge - INFO - Found code-base-name: https://github.com/kavia-common/calculator-122459.git:kavia-master
2025-08-13 13:25:02,134 - Knowledge - INFO - worker kw14 pull /app/data/T0015/122459/b6712a1/calculator-122459/src/logic/isNumber.js from ingest queue
2025-08-13 13:25:02,215 - Knowledge - INFO - knowledge worker kw16 start
2025-08-13 13:25:02,218 - Knowledge - INFO - worker kw17 created with dedicated MongoDB connection (total: 17)
2025-08-13 13:25:02,282 - Knowledge - INFO - persist ingested knowledge for /app/data/T0015/122459/b6712a1/calculator-122459/src/component/Button.js
2025-08-13 13:25:02,320 - Knowledge - INFO - Found code-base-name: https://github.com/kavia-common/calculator-122459.git:kavia-master
2025-08-13 13:25:02,320 - Knowledge - INFO - worker kw6 pull /app/data/T0015/122459/b6712a1/calculator-122459/src/logic/calculate.js from ingest queue
2025-08-13 13:25:02,320 - Knowledge - INFO - adding /app/data/T0015/122459/b6712a1/calculator-122459/src/component/Display.css to ingest queue
2025-08-13 13:25:02,355 - Knowledge - INFO - Found code_base: <app.utils.kg_build.knowledge.KnowledgeCodeBase object at 0x7f8d8c4b4390>
2025-08-13 13:25:02,130 - Knowledge - INFO - worker kw13 pull /app/data/T0015/122459/b6712a1/calculator-122459/public/index.html from ingest queue
2025-08-13 13:25:02,133 - Knowledge - INFO - worker kw1 pull /app/data/T0015/122459/b6712a1/calculator-122459/public/manifest.json from ingest queue
2025-08-13 13:25:02,720 - Knowledge - INFO - Found code_base: <app.utils.kg_build.knowledge.KnowledgeCodeBase object at 0x7f8d8c4b4390>
2025-08-13 13:25:03,685 - Knowledge - INFO - persist ingested knowledge for /app/data/T0015/122459/b6712a1/calculator-122459/package.json
2025-08-13 13:25:02,992 - Knowledge - INFO - knowledge worker kw17 start
2025-08-13 13:25:02,994 - Knowledge - INFO - worker kw18 created with dedicated MongoDB connection (total: 18)
2025-08-13 13:25:03,177 - Knowledge - INFO - Found code_base: <app.utils.kg_build.knowledge.KnowledgeCodeBase object at 0x7f8d8c4b4390>
2025-08-13 13:25:03,248 - Knowledge - INFO - Thread kw6 - File calculate.js - Remaining files in queue: 5
2025-08-13 13:25:03,323 - Knowledge - INFO - adding /app/data/T0015/122459/b6712a1/calculator-122459/src/component/Display.js to ingest queue
2025-08-13 13:25:03,400 - Knowledge - INFO - persist ingested knowledge for /app/data/T0015/122459/b6712a1/calculator-122459/src/index.js
2025-08-13 13:25:03,546 - Knowledge - INFO - process ingested knowledge for /app/data/T0015/122459/b6712a1/calculator-122459/public/index.html
2025-08-13 13:25:03,656 - Knowledge - INFO - process ingested knowledge for /app/data/T0015/122459/b6712a1/calculator-122459/public/manifest.json
2025-08-13 13:25:02,803 - Knowledge - INFO - Thread kw14 - File isNumber.js - Remaining files in queue: 5
2025-08-13 13:25:03,920 - Knowledge - INFO - knowledge worker kw18 start
2025-08-13 13:25:03,923 - Knowledge - INFO - worker kw19 created with dedicated MongoDB connection (total: 19)
2025-08-13 13:25:04,000 - Knowledge - INFO - persist ingested knowledge for /app/data/T0015/122459/b6712a1/calculator-122459/README.md
2025-08-13 13:25:04,079 - Knowledge - INFO - start ingest for /app/data/T0015/122459/b6712a1/calculator-122459/src/logic/calculate.js
2025-08-13 13:25:04,155 - Knowledge - INFO - adding /app/data/T0015/122459/b6712a1/calculator-122459/src/component/ButtonPanel.css to ingest queue
2025-08-13 13:25:04,528 - Knowledge - INFO - start ingest for /app/data/T0015/122459/b6712a1/calculator-122459/src/logic/isNumber.js
2025-08-13 13:25:04,711 - Knowledge - INFO - knowledge worker kw19 start
2025-08-13 13:25:04,987 - Knowledge - INFO - adding /app/data/T0015/122459/b6712a1/calculator-122459/src/component/ButtonPanel.js to ingest queue
2025-08-13 13:25:05,079 - Knowledge - INFO - Fast-track processing for simple file: /app/data/T0015/122459/b6712a1/calculator-122459/src/logic/isNumber.js
2025-08-13 13:25:05,261 - Knowledge - INFO - adding /app/data/T0015/122459/b6712a1/calculator-122459/src/component/Button.css to ingest queue
2025-08-13 13:25:05,339 - Knowledge - INFO - done fast ingest for /app/data/T0015/122459/b6712a1/calculator-122459/src/logic/isNumber.js
2025-08-13 13:25:05,450 - Knowledge - INFO - worker kw15 pull /app/data/T0015/122459/b6712a1/calculator-122459/src/logic/operate.js from ingest queue
2025-08-13 13:25:05,658 - Knowledge - INFO - Thread kw15 - File operate.js - Remaining files in queue: 6
2025-08-13 13:25:05,450 - Knowledge - INFO - worker kw16 pull /app/data/T0015/122459/b6712a1/calculator-122459/src/component/App.css from ingest queue
2025-08-13 13:25:05,450 - Knowledge - INFO - worker kw2 pull /app/data/T0015/122459/b6712a1/calculator-122459/src/component/App.test.js from ingest queue
2025-08-13 13:25:05,523 - Knowledge - INFO - adding /app/data/T0015/122459/b6712a1/calculator-122459/package.json to ingest queue
2025-08-13 13:25:05,551 - Knowledge - INFO - process ingested knowledge for /app/data/T0015/122459/b6712a1/calculator-122459/src/logic/isNumber.js
2025-08-13 13:25:05,450 - Knowledge - INFO - worker kw3 pull /app/data/T0015/122459/b6712a1/calculator-122459/src/logic/calculate.test.js from ingest queue
2025-08-13 13:25:05,742 - Knowledge - INFO - start ingest for /app/data/T0015/122459/b6712a1/calculator-122459/src/logic/operate.js
2025-08-13 13:25:05,857 - Knowledge - INFO - Thread kw16 - File App.css - Remaining files in queue: 6
2025-08-13 13:25:05,938 - Knowledge - INFO - Thread kw2 - File App.test.js - Remaining files in queue: 6
2025-08-13 13:25:06,299 - Knowledge - INFO - Found code-base-name: https://github.com/kavia-common/calculator-122459.git:kavia-master
2025-08-13 13:25:06,299 - Knowledge - INFO - Found code-base-name: https://github.com/kavia-common/calculator-122459.git:kavia-master
2025-08-13 13:25:06,299 - Knowledge - INFO - worker kw18 pull /app/data/T0015/122459/b6712a1/calculator-122459/src/component/App.js from ingest queue
2025-08-13 13:25:06,356 - Knowledge - INFO - worker kw8 pull /app/data/T0015/122459/b6712a1/calculator-122459/src/component/Display.css from ingest queue
2025-08-13 13:25:06,356 - Knowledge - INFO - worker kw19 pull /app/data/T0015/122459/b6712a1/calculator-122459/src/component/Display.js from ingest queue
2025-08-13 13:25:06,379 - Knowledge - INFO - Thread kw3 - File calculate.test.js - Remaining files in queue: 4
2025-08-13 13:25:06,479 - Knowledge - INFO - worker kw17 pull /app/data/T0015/122459/b6712a1/calculator-122459/src/component/ButtonPanel.css from ingest queue
2025-08-13 13:25:06,480 - Knowledge - INFO - worker kw7 pull /app/data/T0015/122459/b6712a1/calculator-122459/src/component/ButtonPanel.js from ingest queue
2025-08-13 13:25:06,480 - Knowledge - INFO - worker kw5 pull /app/data/T0015/122459/b6712a1/calculator-122459/src/component/Button.css from ingest queue
2025-08-13 13:25:06,480 - Knowledge - INFO - adding /app/data/T0015/122459/b6712a1/calculator-122459/src/index.js to ingest queue
2025-08-13 13:25:06,554 - Knowledge - INFO - start ingest for /app/data/T0015/122459/b6712a1/calculator-122459/src/component/App.css
2025-08-13 13:25:06,660 - Knowledge - INFO - start ingest for /app/data/T0015/122459/b6712a1/calculator-122459/src/component/App.test.js
2025-08-13 13:25:06,766 - Knowledge - INFO - Found code_base: <app.utils.kg_build.knowledge.KnowledgeCodeBase object at 0x7f8d8c4b4390>
2025-08-13 13:25:06,845 - Knowledge - INFO - Found code_base: <app.utils.kg_build.knowledge.KnowledgeCodeBase object at 0x7f8d8c4b4390>
2025-08-13 13:25:06,959 - Knowledge - INFO - Thread kw18 - File App.js - Remaining files in queue: 1
2025-08-13 13:25:07,039 - Knowledge - INFO - Thread kw8 - File Display.css - Remaining files in queue: 1
2025-08-13 13:25:08,203 - Knowledge - INFO - start ingest for /app/data/T0015/122459/b6712a1/calculator-122459/src/component/Display.css
2025-08-13 13:25:07,266 - Knowledge - INFO - start ingest for /app/data/T0015/122459/b6712a1/calculator-122459/src/logic/calculate.test.js
2025-08-13 13:25:07,376 - Knowledge - INFO - Thread kw17 - File ButtonPanel.css - Remaining files in queue: 1
2025-08-13 13:25:07,456 - Knowledge - INFO - Thread kw7 - File ButtonPanel.js - Remaining files in queue: 1
2025-08-13 13:25:07,545 - Knowledge - INFO - Thread kw5 - File Button.css - Remaining files in queue: 1
2025-08-13 13:25:07,646 - Knowledge - INFO - worker kw9 pull /app/data/T0015/122459/b6712a1/calculator-122459/package.json from ingest queue
2025-08-13 13:25:07,648 - Knowledge - INFO - adding /app/data/T0015/122459/b6712a1/calculator-122459/src/component/Button.js to ingest queue
2025-08-13 13:25:07,724 - Knowledge - INFO - Fast-track processing for simple file: /app/data/T0015/122459/b6712a1/calculator-122459/src/component/App.css
2025-08-13 13:25:07,795 - Knowledge - INFO - Fast-track processing for simple file: /app/data/T0015/122459/b6712a1/calculator-122459/src/component/App.test.js
2025-08-13 13:25:07,868 - Knowledge - INFO - persist ingested knowledge for /app/data/T0015/122459/b6712a1/calculator-122459/public/index.html
2025-08-13 13:25:07,957 - Knowledge - INFO - persist ingested knowledge for /app/data/T0015/122459/b6712a1/calculator-122459/public/manifest.json
2025-08-13 13:25:08,096 - Knowledge - INFO - start ingest for /app/data/T0015/122459/b6712a1/calculator-122459/src/component/App.js
2025-08-13 13:25:07,144 - Knowledge - INFO - Thread kw19 - File Display.js - Remaining files in queue: 1
2025-08-13 13:25:08,301 - Knowledge - INFO - Fast-track processing for simple file: /app/data/T0015/122459/b6712a1/calculator-122459/src/component/Display.css
2025-08-13 13:25:08,483 - Knowledge - INFO - start ingest for /app/data/T0015/122459/b6712a1/calculator-122459/src/component/ButtonPanel.css
2025-08-13 13:25:08,579 - Knowledge - INFO - start ingest for /app/data/T0015/122459/b6712a1/calculator-122459/src/component/ButtonPanel.js
2025-08-13 13:25:08,664 - Knowledge - INFO - start ingest for /app/data/T0015/122459/b6712a1/calculator-122459/src/component/Button.css
2025-08-13 13:25:08,742 - Knowledge - INFO - Thread kw9 - File package.json - Remaining files in queue: 1
2025-08-13 13:25:08,821 - Knowledge - INFO - Found code-base-name: https://github.com/kavia-common/calculator-122459.git:kavia-master
2025-08-13 13:25:08,822 - Knowledge - INFO - adding /app/data/T0015/122459/b6712a1/calculator-122459/README.md to ingest queue
2025-08-13 13:25:08,914 - Knowledge - INFO - done fast ingest for /app/data/T0015/122459/b6712a1/calculator-122459/src/component/App.css
2025-08-13 13:25:09,024 - Knowledge - INFO - done fast ingest for /app/data/T0015/122459/b6712a1/calculator-122459/src/component/App.test.js
2025-08-13 13:25:09,375 - Knowledge - INFO - start ingest for /app/data/T0015/122459/b6712a1/calculator-122459/src/component/Display.js
2025-08-13 13:25:09,478 - Knowledge - INFO - done fast ingest for /app/data/T0015/122459/b6712a1/calculator-122459/src/component/Display.css
2025-08-13 13:25:09,573 - Knowledge - INFO - Fast-track processing for simple file: /app/data/T0015/122459/b6712a1/calculator-122459/src/component/ButtonPanel.css
2025-08-13 13:25:09,782 - Knowledge - INFO - Fast-track processing for simple file: /app/data/T0015/122459/b6712a1/calculator-122459/src/component/Button.css
2025-08-13 13:25:09,885 - Knowledge - INFO - start ingest for /app/data/T0015/122459/b6712a1/calculator-122459/package.json
2025-08-13 13:25:09,965 - Knowledge - INFO - Found code_base: <app.utils.kg_build.knowledge.KnowledgeCodeBase object at 0x7f8d8c4b4390>
2025-08-13 13:25:10,051 - Knowledge - INFO - adding /app/data/T0015/122459/b6712a1/calculator-122459/src/index.css to ingest queue
2025-08-13 13:25:10,128 - Knowledge - INFO - process ingested knowledge for /app/data/T0015/122459/b6712a1/calculator-122459/src/component/App.css
2025-08-13 13:25:10,240 - Knowledge - INFO - process ingested knowledge for /app/data/T0015/122459/b6712a1/calculator-122459/src/component/App.test.js
2025-08-13 13:25:10,307 - Knowledge - INFO - Fast-track processing for simple file: /app/data/T0015/122459/b6712a1/calculator-122459/src/component/Display.js
2025-08-13 13:25:10,384 - Knowledge - INFO - process ingested knowledge for /app/data/T0015/122459/b6712a1/calculator-122459/src/component/Display.css
2025-08-13 13:25:10,459 - Knowledge - INFO - done fast ingest for /app/data/T0015/122459/b6712a1/calculator-122459/src/component/ButtonPanel.css
2025-08-13 13:25:10,536 - Knowledge - INFO - done fast ingest for /app/data/T0015/122459/b6712a1/calculator-122459/src/component/Button.css
2025-08-13 13:25:11,396 - Knowledge - INFO - process ingested knowledge for /app/data/T0015/122459/b6712a1/calculator-122459/src/component/Button.css
2025-08-13 13:25:10,671 - Knowledge - INFO - Fast-track processing for simple file: /app/data/T0015/122459/b6712a1/calculator-122459/package.json
2025-08-13 13:25:10,728 - Knowledge - INFO - persist ingested knowledge for /app/data/T0015/122459/b6712a1/calculator-122459/src/logic/isNumber.js
2025-08-13 13:25:10,802 - Knowledge - INFO - worker kw10 pull /app/data/T0015/122459/b6712a1/calculator-122459/src/index.js from ingest queue
2025-08-13 13:25:10,888 - Knowledge - INFO - worker kw12 pull /app/data/T0015/122459/b6712a1/calculator-122459/src/component/Button.js from ingest queue
2025-08-13 13:25:10,889 - Knowledge - INFO - worker kw11 pull /app/data/T0015/122459/b6712a1/calculator-122459/README.md from ingest queue
2025-08-13 13:25:10,966 - Knowledge - INFO - worker kw4 pull /app/data/T0015/122459/b6712a1/calculator-122459/src/index.css from ingest queue
2025-08-13 13:25:10,966 - Knowledge - INFO - adding /app/data/T0015/122459/b6712a1/calculator-122459/public/index.html to ingest queue
2025-08-13 13:25:11,087 - Knowledge - INFO - done fast ingest for /app/data/T0015/122459/b6712a1/calculator-122459/src/component/Display.js
2025-08-13 13:25:11,280 - Knowledge - INFO - process ingested knowledge for /app/data/T0015/122459/b6712a1/calculator-122459/src/component/ButtonPanel.css
2025-08-13 13:25:10,634 - Knowledge - INFO - done ingest for /app/data/T0015/122459/b6712a1/calculator-122459/src/logic/calculate.js
2025-08-13 13:25:11,457 - Knowledge - INFO - done ingest for /app/data/T0015/122459/b6712a1/calculator-122459/src/logic/operate.js
2025-08-13 13:25:11,579 - Knowledge - INFO - done fast ingest for /app/data/T0015/122459/b6712a1/calculator-122459/package.json
2025-08-13 13:25:11,767 - Knowledge - INFO - Thread kw10 - File index.js - Remaining files in queue: 0
2025-08-13 13:25:11,841 - Knowledge - INFO - Thread kw12 - File Button.js - Remaining files in queue: 0
2025-08-13 13:25:12,847 - Knowledge - INFO - start ingest for /app/data/T0015/122459/b6712a1/calculator-122459/src/component/Button.js
2025-08-13 13:25:12,041 - Knowledge - INFO - Thread kw4 - File index.css - Remaining files in queue: 0
2025-08-13 13:25:12,138 - Knowledge - INFO - Found code-base-name: https://github.com/kavia-common/calculator-122459.git:kavia-master
2025-08-13 13:25:12,138 - Knowledge - INFO - adding /app/data/T0015/122459/b6712a1/calculator-122459/public/manifest.json to ingest queue
2025-08-13 13:25:12,293 - Knowledge - INFO - process ingested knowledge for /app/data/T0015/122459/b6712a1/calculator-122459/src/component/Display.js
2025-08-13 13:25:12,510 - Knowledge - INFO - process ingested knowledge for /app/data/T0015/122459/b6712a1/calculator-122459/src/logic/calculate.js
2025-08-13 13:25:12,598 - Knowledge - INFO - process ingested knowledge for /app/data/T0015/122459/b6712a1/calculator-122459/src/logic/operate.js
2025-08-13 13:25:12,691 - Knowledge - INFO - process ingested knowledge for /app/data/T0015/122459/b6712a1/calculator-122459/package.json
2025-08-13 13:25:12,770 - Knowledge - INFO - start ingest for /app/data/T0015/122459/b6712a1/calculator-122459/src/index.js
2025-08-13 13:25:11,923 - Knowledge - INFO - Thread kw11 - File README.md - Remaining files in queue: 0
2025-08-13 13:25:13,056 - Knowledge - INFO - start ingest for /app/data/T0015/122459/b6712a1/calculator-122459/src/index.css
2025-08-13 13:25:13,144 - Knowledge - INFO - Found code_base: <app.utils.kg_build.knowledge.KnowledgeCodeBase object at 0x7f8d8c4b4390>
2025-08-13 13:25:13,235 - Knowledge - INFO - Found code-base-name: https://github.com/kavia-common/calculator-122459.git:kavia-master
2025-08-13 13:25:13,236 - Knowledge - INFO - Found code-base-name: https://github.com/kavia-common/calculator-122459.git:kavia-master
2025-08-13 13:25:13,240 - Knowledge - INFO - Found code-base-name: https://github.com/kavia-common/calculator-122459.git:kavia-master
2025-08-13 13:25:13,407 - Knowledge - INFO - worker kw13 pull /app/data/T0015/122459/b6712a1/calculator-122459/public/index.html from ingest queue
2025-08-13 13:25:13,407 - Knowledge - INFO - Found code-base-name: https://github.com/kavia-common/calculator-122459.git:kavia-master
2025-08-13 13:25:13,407 - Knowledge - INFO - Found code-base-name: https://github.com/kavia-common/calculator-122459.git:kavia-master
2025-08-13 13:25:14,888 - Knowledge - INFO - Found code_base: <app.utils.kg_build.knowledge.KnowledgeCodeBase object at 0x7f8d8c4b4390>
2025-08-13 13:25:13,447 - Knowledge - INFO - Found code-base-name: https://github.com/kavia-common/calculator-122459.git:kavia-master
2025-08-13 13:25:13,607 - Knowledge - INFO - Found code-base-name: https://github.com/kavia-common/calculator-122459.git:kavia-master
2025-08-13 13:25:13,702 - Knowledge - INFO - Found code-base-name: https://github.com/kavia-common/calculator-122459.git:kavia-master
2025-08-13 13:25:13,903 - Knowledge - INFO - Fast-track processing for simple file: /app/data/T0015/122459/b6712a1/calculator-122459/src/index.js
2025-08-13 13:25:13,935 - Knowledge - INFO - start ingest for /app/data/T0015/122459/b6712a1/calculator-122459/README.md
2025-08-13 13:25:14,110 - Knowledge - INFO - persist ingested knowledge for /app/data/T0015/122459/b6712a1/calculator-122459/src/component/App.css
2025-08-13 13:25:14,225 - Knowledge - INFO - Found code_base: <app.utils.kg_build.knowledge.KnowledgeCodeBase object at 0x7f8d8c4b4390>
2025-08-13 13:25:14,370 - Knowledge - INFO - Found code_base: <app.utils.kg_build.knowledge.KnowledgeCodeBase object at 0x7f8d8c4b4390>
2025-08-13 13:25:14,478 - Knowledge - INFO - Found code_base: <app.utils.kg_build.knowledge.KnowledgeCodeBase object at 0x7f8d8c4b4390>
2025-08-13 13:25:14,603 - Knowledge - INFO - Thread kw13 - File index.html - Remaining files in queue: 0
2025-08-13 13:25:14,738 - Knowledge - INFO - Found code_base: <app.utils.kg_build.knowledge.KnowledgeCodeBase object at 0x7f8d8c4b4390>
2025-08-13 13:25:13,408 - Knowledge - INFO - worker kw1 pull /app/data/T0015/122459/b6712a1/calculator-122459/public/manifest.json from ingest queue
2025-08-13 13:25:15,008 - Knowledge - INFO - persist ingested knowledge for /app/data/T0015/122459/b6712a1/calculator-122459/src/component/Display.js
2025-08-13 13:25:15,159 - Knowledge - INFO - Found code_base: <app.utils.kg_build.knowledge.KnowledgeCodeBase object at 0x7f8d8c4b4390>
2025-08-13 13:25:15,264 - Knowledge - INFO - Found code_base: <app.utils.kg_build.knowledge.KnowledgeCodeBase object at 0x7f8d8c4b4390>
2025-08-13 13:25:15,370 - Knowledge - INFO - Found code_base: <app.utils.kg_build.knowledge.KnowledgeCodeBase object at 0x7f8d8c4b4390>
2025-08-13 13:25:15,468 - Knowledge - INFO - done fast ingest for /app/data/T0015/122459/b6712a1/calculator-122459/src/index.js
2025-08-13 13:25:15,609 - Knowledge - INFO - Fast-track processing for simple file: /app/data/T0015/122459/b6712a1/calculator-122459/README.md
2025-08-13 13:25:15,849 - Knowledge - INFO - persist ingested knowledge for /app/data/T0015/122459/b6712a1/calculator-122459/src/component/App.test.js
2025-08-13 13:25:15,996 - Knowledge - INFO - persist ingested knowledge for /app/data/T0015/122459/b6712a1/calculator-122459/src/component/Display.css
2025-08-13 13:25:16,137 - Knowledge - INFO - persist ingested knowledge for /app/data/T0015/122459/b6712a1/calculator-122459/src/component/Button.css
2025-08-13 13:25:16,279 - Knowledge - INFO - start ingest for /app/data/T0015/122459/b6712a1/calculator-122459/public/index.html
2025-08-13 13:25:16,369 - Knowledge - INFO - persist ingested knowledge for /app/data/T0015/122459/b6712a1/calculator-122459/src/component/ButtonPanel.css
2025-08-13 13:25:16,464 - Knowledge - INFO - Thread kw1 - File manifest.json - Remaining files in queue: 0
2025-08-13 13:25:16,648 - Knowledge - INFO - persist ingested knowledge for /app/data/T0015/122459/b6712a1/calculator-122459/src/logic/calculate.js
2025-08-13 13:25:16,748 - Knowledge - INFO - persist ingested knowledge for /app/data/T0015/122459/b6712a1/calculator-122459/src/logic/operate.js
2025-08-13 13:25:16,860 - Knowledge - INFO - persist ingested knowledge for /app/data/T0015/122459/b6712a1/calculator-122459/package.json
2025-08-13 13:25:17,048 - Knowledge - INFO - process ingested knowledge for /app/data/T0015/122459/b6712a1/calculator-122459/src/index.js
2025-08-13 13:25:17,082 - Knowledge - INFO - done fast ingest for /app/data/T0015/122459/b6712a1/calculator-122459/README.md
2025-08-13 13:25:17,160 - Knowledge - INFO - done ingest for /app/data/T0015/122459/b6712a1/calculator-122459/src/index.css
2025-08-13 13:25:17,689 - Knowledge - INFO - start ingest for /app/data/T0015/122459/b6712a1/calculator-122459/public/manifest.json
2025-08-13 13:25:17,994 - Knowledge - INFO - done ingest for /app/data/T0015/122459/b6712a1/calculator-122459/src/component/App.js
2025-08-13 13:25:18,159 - Knowledge - INFO - done ingest for /app/data/T0015/122459/b6712a1/calculator-122459/src/logic/calculate.test.js
2025-08-13 13:25:18,279 - Knowledge - INFO - done ingest for /app/data/T0015/122459/b6712a1/calculator-122459/src/component/ButtonPanel.js
2025-08-13 13:25:18,304 - Knowledge - INFO - process ingested knowledge for /app/data/T0015/122459/b6712a1/calculator-122459/README.md
2025-08-13 13:25:18,387 - Knowledge - INFO - process ingested knowledge for /app/data/T0015/122459/b6712a1/calculator-122459/src/index.css
2025-08-13 13:25:18,583 - Knowledge - INFO - Fast-track processing for simple file: /app/data/T0015/122459/b6712a1/calculator-122459/public/manifest.json
2025-08-13 13:25:19,139 - Knowledge - INFO - done fast ingest for /app/data/T0015/122459/b6712a1/calculator-122459/public/manifest.json
2025-08-13 13:25:18,805 - Knowledge - INFO - done ingest for /app/data/T0015/122459/b6712a1/calculator-122459/src/component/Button.js
2025-08-13 13:25:18,810 - Knowledge - INFO - process ingested knowledge for /app/data/T0015/122459/b6712a1/calculator-122459/src/logic/calculate.test.js
2025-08-13 13:25:18,863 - Knowledge - INFO - process ingested knowledge for /app/data/T0015/122459/b6712a1/calculator-122459/src/component/ButtonPanel.js
2025-08-13 13:25:19,123 - Knowledge - INFO - persist search terms embedding for src/logic/calculate.js
2025-08-13 13:25:18,748 - Knowledge - INFO - process ingested knowledge for /app/data/T0015/122459/b6712a1/calculator-122459/src/component/App.js
2025-08-13 13:25:19,243 - Knowledge - INFO - process ingested knowledge for /app/data/T0015/122459/b6712a1/calculator-122459/public/manifest.json
2025-08-13 13:25:19,365 - Knowledge - INFO - process ingested knowledge for /app/data/T0015/122459/b6712a1/calculator-122459/src/component/Button.js
2025-08-13 13:25:19,620 - Knowledge - INFO - Found code-base-name: https://github.com/kavia-common/calculator-122459.git:kavia-master
2025-08-13 13:25:19,620 - Knowledge - INFO - Found code-base-name: https://github.com/kavia-common/calculator-122459.git:kavia-master
2025-08-13 13:25:19,620 - Knowledge - INFO - Found code-base-name: https://github.com/kavia-common/calculator-122459.git:kavia-master
2025-08-13 13:25:19,857 - Knowledge - INFO - done ingest for /app/data/T0015/122459/b6712a1/calculator-122459/public/index.html
2025-08-13 13:25:20,028 - Knowledge - INFO - Found code_base: <app.utils.kg_build.knowledge.KnowledgeCodeBase object at 0x7f8d8c4b4390>
2025-08-13 13:25:20,100 - Knowledge - INFO - persist search terms embedding for src/logic/operate.js
2025-08-13 13:25:20,114 - Knowledge - INFO - Found code_base: <app.utils.kg_build.knowledge.KnowledgeCodeBase object at 0x7f8d8c4b4390>
2025-08-13 13:25:20,200 - Knowledge - INFO - Found code_base: <app.utils.kg_build.knowledge.KnowledgeCodeBase object at 0x7f8d8c4b4390>
2025-08-13 13:25:20,691 - Knowledge - INFO - persist ingested knowledge for /app/data/T0015/122459/b6712a1/calculator-122459/src/component/ButtonPanel.js
2025-08-13 13:25:20,376 - Knowledge - INFO - persist ingested knowledge for /app/data/T0015/122459/b6712a1/calculator-122459/README.md
2025-08-13 13:25:20,496 - Knowledge - INFO - Found code-base-name: https://github.com/kavia-common/calculator-122459.git:kavia-master
2025-08-13 13:25:20,496 - Knowledge - INFO - Found code-base-name: https://github.com/kavia-common/calculator-122459.git:kavia-master
2025-08-13 13:25:20,496 - Knowledge - INFO - Found code-base-name: https://github.com/kavia-common/calculator-122459.git:kavia-master
2025-08-13 13:25:20,496 - Knowledge - INFO - Found code-base-name: https://github.com/kavia-common/calculator-122459.git:kavia-master
2025-08-13 13:25:20,588 - Knowledge - INFO - Found code-base-name: https://github.com/kavia-common/calculator-122459.git:kavia-master
2025-08-13 13:25:20,599 - Knowledge - INFO - persist ingested knowledge for /app/data/T0015/122459/b6712a1/calculator-122459/src/logic/calculate.test.js
2025-08-13 13:25:20,299 - Knowledge - INFO - process ingested knowledge for /app/data/T0015/122459/b6712a1/calculator-122459/public/index.html
2025-08-13 13:25:20,951 - Knowledge - INFO - Found code_base: <app.utils.kg_build.knowledge.KnowledgeCodeBase object at 0x7f8d8c4b4390>
2025-08-13 13:25:21,062 - Knowledge - INFO - Found code_base: <app.utils.kg_build.knowledge.KnowledgeCodeBase object at 0x7f8d8c4b4390>
2025-08-13 13:25:21,163 - Knowledge - INFO - Found code_base: <app.utils.kg_build.knowledge.KnowledgeCodeBase object at 0x7f8d8c4b4390>
2025-08-13 13:25:21,215 - Knowledge - INFO - persist search terms embedding for src/component/ButtonPanel.js
2025-08-13 13:25:21,254 - Knowledge - INFO - Found code_base: <app.utils.kg_build.knowledge.KnowledgeCodeBase object at 0x7f8d8c4b4390>
2025-08-13 13:25:21,356 - Knowledge - INFO - Found code_base: <app.utils.kg_build.knowledge.KnowledgeCodeBase object at 0x7f8d8c4b4390>
2025-08-13 13:25:22,130 - Knowledge - INFO - persist ingested knowledge for /app/data/T0015/122459/b6712a1/calculator-122459/src/index.css
2025-08-13 13:25:21,761 - Knowledge - INFO - persist ingested knowledge for /app/data/T0015/122459/b6712a1/calculator-122459/src/component/App.js
2025-08-13 13:25:21,833 - Knowledge - INFO - persist ingested knowledge for /app/data/T0015/122459/b6712a1/calculator-122459/public/manifest.json
2025-08-13 13:25:21,945 - Knowledge - INFO - Found code-base-name: https://github.com/kavia-common/calculator-122459.git:kavia-master
2025-08-13 13:25:22,045 - Knowledge - INFO - persist ingested knowledge for /app/data/T0015/122459/b6712a1/calculator-122459/src/component/Button.js
2025-08-13 13:25:21,667 - Knowledge - INFO - persist ingested knowledge for /app/data/T0015/122459/b6712a1/calculator-122459/src/index.js
2025-08-13 13:25:22,356 - Knowledge - INFO - persist search terms embedding for src/logic/calculate.test.js
2025-08-13 13:25:22,493 - Knowledge - INFO - Found code_base: <app.utils.kg_build.knowledge.KnowledgeCodeBase object at 0x7f8d8c4b4390>
2025-08-13 13:25:22,857 - Knowledge - INFO - persist ingested knowledge for /app/data/T0015/122459/b6712a1/calculator-122459/public/index.html
2025-08-13 13:25:23,119 - Knowledge - INFO - persist search terms embedding for src/component/App.js
2025-08-13 13:25:23,736 - Knowledge - INFO - persist search terms embedding for src/component/Button.js
2025-08-13 13:25:24,166 - Knowledge - INFO - Knowledge creation complete
2025-08-13 13:25:24,251 - Knowledge - INFO - Updating org costs, total cost: 0.0019253999999999996
2025-08-13 13:25:25,188 - Knowledge - INFO - Saving knowledge to Redis...
2025-08-13 13:25:25,283 - Knowledge - INFO - Knowledge saved to Redis successfully
2025-08-13 13:36:20,850 - Knowledge - INFO - Redis support added with prefix knowledge:b6712a1:
2025-08-13 13:36:21,084 - Knowledge - INFO - load persisted knowledge: begin
2025-08-13 13:36:21,346 - Knowledge - INFO - Persisted knowledge files in /app/data/T0015/122459/b6712a1/calculator-122459/.knowledge have been renamed to use .json
2025-08-13 13:36:21,438 - Knowledge - INFO - Found code-base-name: https://github.com/kavia-common/calculator-122459.git:kavia-master
2025-08-13 13:36:21,529 - Knowledge - INFO - Found code_base: <app.utils.kg_build.knowledge.KnowledgeCodeBase object at 0x7f1118398cd0>
2025-08-13 13:36:21,621 - Knowledge - INFO - process ingested knowledge for /app/data/T0015/122459/b6712a1/calculator-122459/src/component/Button.js
2025-08-13 13:36:21,743 - Knowledge - INFO - Found code-base-name: https://github.com/kavia-common/calculator-122459.git:kavia-master
2025-08-13 13:36:21,812 - Knowledge - INFO - Found code_base: <app.utils.kg_build.knowledge.KnowledgeCodeBase object at 0x7f1118398cd0>
2025-08-13 13:36:21,905 - Knowledge - INFO - process ingested knowledge for /app/data/T0015/122459/b6712a1/calculator-122459/src/component/ButtonPanel.js
2025-08-13 13:36:22,021 - Knowledge - INFO - Found code-base-name: https://github.com/kavia-common/calculator-122459.git:kavia-master
2025-08-13 13:36:22,138 - Knowledge - INFO - Found code_base: <app.utils.kg_build.knowledge.KnowledgeCodeBase object at 0x7f1118398cd0>
2025-08-13 13:36:22,217 - Knowledge - INFO - process ingested knowledge for /app/data/T0015/122459/b6712a1/calculator-122459/src/logic/isNumber.js
2025-08-13 13:36:22,350 - Knowledge - INFO - Found code-base-name: https://github.com/kavia-common/calculator-122459.git:kavia-master
2025-08-13 13:36:22,439 - Knowledge - INFO - Found code_base: <app.utils.kg_build.knowledge.KnowledgeCodeBase object at 0x7f1118398cd0>
2025-08-13 13:36:22,561 - Knowledge - INFO - process ingested knowledge for /app/data/T0015/122459/b6712a1/calculator-122459/package.json
2025-08-13 13:36:22,678 - Knowledge - INFO - Found code-base-name: https://github.com/kavia-common/calculator-122459.git:kavia-master
2025-08-13 13:36:22,765 - Knowledge - INFO - Found code_base: <app.utils.kg_build.knowledge.KnowledgeCodeBase object at 0x7f1118398cd0>
2025-08-13 13:36:22,848 - Knowledge - INFO - process ingested knowledge for /app/data/T0015/122459/b6712a1/calculator-122459/src/component/Button.css
2025-08-13 13:36:22,952 - Knowledge - INFO - Found code-base-name: https://github.com/kavia-common/calculator-122459.git:kavia-master
2025-08-13 13:36:23,038 - Knowledge - INFO - Found code_base: <app.utils.kg_build.knowledge.KnowledgeCodeBase object at 0x7f1118398cd0>
2025-08-13 13:36:23,128 - Knowledge - INFO - process ingested knowledge for /app/data/T0015/122459/b6712a1/calculator-122459/src/component/ButtonPanel.css
2025-08-13 13:36:23,231 - Knowledge - INFO - Found code-base-name: https://github.com/kavia-common/calculator-122459.git:kavia-master
2025-08-13 13:36:23,324 - Knowledge - INFO - Found code_base: <app.utils.kg_build.knowledge.KnowledgeCodeBase object at 0x7f1118398cd0>
2025-08-13 13:36:23,413 - Knowledge - INFO - process ingested knowledge for /app/data/T0015/122459/b6712a1/calculator-122459/src/component/Display.js
2025-08-13 13:36:23,505 - Knowledge - INFO - Found code-base-name: https://github.com/kavia-common/calculator-122459.git:kavia-master
2025-08-13 13:36:23,586 - Knowledge - INFO - Found code_base: <app.utils.kg_build.knowledge.KnowledgeCodeBase object at 0x7f1118398cd0>
2025-08-13 13:36:23,665 - Knowledge - INFO - process ingested knowledge for /app/data/T0015/122459/b6712a1/calculator-122459/src/index.js
2025-08-13 13:36:23,755 - Knowledge - INFO - Found code-base-name: https://github.com/kavia-common/calculator-122459.git:kavia-master
2025-08-13 13:36:23,842 - Knowledge - INFO - Found code_base: <app.utils.kg_build.knowledge.KnowledgeCodeBase object at 0x7f1118398cd0>
2025-08-13 13:36:23,961 - Knowledge - INFO - process ingested knowledge for /app/data/T0015/122459/b6712a1/calculator-122459/src/component/Display.css
2025-08-13 13:36:24,089 - Knowledge - INFO - Found code-base-name: https://github.com/kavia-common/calculator-122459.git:kavia-master
2025-08-13 13:36:24,177 - Knowledge - INFO - Found code_base: <app.utils.kg_build.knowledge.KnowledgeCodeBase object at 0x7f1118398cd0>
2025-08-13 13:36:24,284 - Knowledge - INFO - process ingested knowledge for /app/data/T0015/122459/b6712a1/calculator-122459/src/index.css
2025-08-13 13:36:24,380 - Knowledge - INFO - Found code-base-name: https://github.com/kavia-common/calculator-122459.git:kavia-master
2025-08-13 13:36:24,460 - Knowledge - INFO - Found code_base: <app.utils.kg_build.knowledge.KnowledgeCodeBase object at 0x7f1118398cd0>
2025-08-13 13:36:24,573 - Knowledge - INFO - process ingested knowledge for /app/data/T0015/122459/b6712a1/calculator-122459/src/component/App.css
2025-08-13 13:36:24,694 - Knowledge - INFO - Found code-base-name: https://github.com/kavia-common/calculator-122459.git:kavia-master
2025-08-13 13:36:24,776 - Knowledge - INFO - Found code_base: <app.utils.kg_build.knowledge.KnowledgeCodeBase object at 0x7f1118398cd0>
2025-08-13 13:36:24,898 - Knowledge - INFO - process ingested knowledge for /app/data/T0015/122459/b6712a1/calculator-122459/public/index.html
2025-08-13 13:36:25,027 - Knowledge - INFO - Found code-base-name: https://github.com/kavia-common/calculator-122459.git:kavia-master
2025-08-13 13:36:25,133 - Knowledge - INFO - Found code_base: <app.utils.kg_build.knowledge.KnowledgeCodeBase object at 0x7f1118398cd0>
2025-08-13 13:36:25,230 - Knowledge - INFO - process ingested knowledge for /app/data/T0015/122459/b6712a1/calculator-122459/public/manifest.json
2025-08-13 13:36:25,344 - Knowledge - INFO - Found code-base-name: https://github.com/kavia-common/calculator-122459.git:kavia-master
2025-08-13 13:36:25,424 - Knowledge - INFO - Found code_base: <app.utils.kg_build.knowledge.KnowledgeCodeBase object at 0x7f1118398cd0>
2025-08-13 13:36:25,506 - Knowledge - INFO - process ingested knowledge for /app/data/T0015/122459/b6712a1/calculator-122459/src/component/App.js
2025-08-13 13:36:25,618 - Knowledge - INFO - Found code-base-name: https://github.com/kavia-common/calculator-122459.git:kavia-master
2025-08-13 13:36:25,727 - Knowledge - INFO - Found code_base: <app.utils.kg_build.knowledge.KnowledgeCodeBase object at 0x7f1118398cd0>
2025-08-13 13:36:25,816 - Knowledge - INFO - process ingested knowledge for /app/data/T0015/122459/b6712a1/calculator-122459/README.md
2025-08-13 13:36:25,913 - Knowledge - INFO - Found code-base-name: https://github.com/kavia-common/calculator-122459.git:kavia-master
2025-08-13 13:36:25,999 - Knowledge - INFO - Found code_base: <app.utils.kg_build.knowledge.KnowledgeCodeBase object at 0x7f1118398cd0>
2025-08-13 13:36:26,094 - Knowledge - INFO - process ingested knowledge for /app/data/T0015/122459/b6712a1/calculator-122459/src/logic/calculate.js
2025-08-13 13:36:26,193 - Knowledge - INFO - Found code-base-name: https://github.com/kavia-common/calculator-122459.git:kavia-master
2025-08-13 13:36:26,312 - Knowledge - INFO - Found code_base: <app.utils.kg_build.knowledge.KnowledgeCodeBase object at 0x7f1118398cd0>
2025-08-13 13:36:26,416 - Knowledge - INFO - process ingested knowledge for /app/data/T0015/122459/b6712a1/calculator-122459/src/component/App.test.js
2025-08-13 13:36:26,540 - Knowledge - INFO - Found code-base-name: https://github.com/kavia-common/calculator-122459.git:kavia-master
2025-08-13 13:36:26,641 - Knowledge - INFO - Found code_base: <app.utils.kg_build.knowledge.KnowledgeCodeBase object at 0x7f1118398cd0>
2025-08-13 13:36:26,725 - Knowledge - INFO - process ingested knowledge for /app/data/T0015/122459/b6712a1/calculator-122459/src/logic/calculate.test.js
2025-08-13 13:36:26,825 - Knowledge - INFO - Found code-base-name: https://github.com/kavia-common/calculator-122459.git:kavia-master
2025-08-13 13:36:26,932 - Knowledge - INFO - Found code_base: <app.utils.kg_build.knowledge.KnowledgeCodeBase object at 0x7f1118398cd0>
2025-08-13 13:36:27,014 - Knowledge - INFO - process ingested knowledge for /app/data/T0015/122459/b6712a1/calculator-122459/src/logic/operate.js
2025-08-13 13:36:27,122 - Knowledge - INFO - load persisted knowledge: end
2025-08-13 13:36:27,258 - Knowledge - INFO - load persisted docinfo: begin
2025-08-13 13:36:27,349 - Knowledge - INFO - load persisted docinfo: end
2025-08-13 13:36:27,462 - Knowledge - INFO - worker kw1 created with dedicated MongoDB connection (total: 1)
2025-08-13 13:36:27,548 - Knowledge - INFO - knowledge worker kw1 start
2025-08-13 13:36:27,643 - Knowledge - INFO - Knowledge creation complete
2025-08-13 13:36:27,745 - Knowledge - INFO - Updating org costs, total cost: 0
2025-08-13 13:36:28,568 - Knowledge - INFO - Saving knowledge to Redis...
2025-08-13 13:36:28,664 - Knowledge - INFO - Knowledge saved to Redis successfully
